// Jest Snapshot v1, https://goo.gl/fbAQLP

exports[`ScrollingText should match the snapshot 1`] = `
ShallowWrapper {
  Symbol(enzyme.__root__): [Circular],
  Symbol(enzyme.__unrendered__): <ScrollingText
    crawl="Luke is pretty cool"
    episode={5}
    title="A New Hope"
  />,
  Symbol(enzyme.__renderer__): Object {
    "batchedUpdates": [Function],
    "getNode": [Function],
    "render": [Function],
    "simulateError": [Function],
    "simulateEvent": [Function],
    "unmount": [Function],
  },
  Symbol(enzyme.__node__): Object {
    "instance": null,
    "key": undefined,
    "nodeType": "host",
    "props": Object {
      "children": Array [
        <div
          className="fade"
        />,
        <article
          className="star-wars"
        >
          <div
            className="crawl"
          >
            <div
              className="title"
            >
              <p>
                Episode V
              </p>
              <h1>
                A New Hope
              </h1>
            </div>
            <p
              className="crawl-text"
            >
              Luke is pretty cool
            </p>
          </div>
        </article>,
      ],
      "className": "scrolling-text",
    },
    "ref": null,
    "rendered": Array [
      Object {
        "instance": null,
        "key": undefined,
        "nodeType": "host",
        "props": Object {
          "className": "fade",
        },
        "ref": null,
        "rendered": null,
        "type": "div",
      },
      Object {
        "instance": null,
        "key": undefined,
        "nodeType": "host",
        "props": Object {
          "children": <div
            className="crawl"
          >
            <div
              className="title"
            >
              <p>
                Episode V
              </p>
              <h1>
                A New Hope
              </h1>
            </div>
            <p
              className="crawl-text"
            >
              Luke is pretty cool
            </p>
          </div>,
          "className": "star-wars",
        },
        "ref": null,
        "rendered": Object {
          "instance": null,
          "key": undefined,
          "nodeType": "host",
          "props": Object {
            "children": Array [
              <div
                className="title"
              >
                <p>
                  Episode V
                </p>
                <h1>
                  A New Hope
                </h1>
              </div>,
              <p
                className="crawl-text"
              >
                Luke is pretty cool
              </p>,
            ],
            "className": "crawl",
          },
          "ref": null,
          "rendered": Array [
            Object {
              "instance": null,
              "key": undefined,
              "nodeType": "host",
              "props": Object {
                "children": Array [
                  <p>
                    Episode V
                  </p>,
                  <h1>
                    A New Hope
                  </h1>,
                ],
                "className": "title",
              },
              "ref": null,
              "rendered": Array [
                Object {
                  "instance": null,
                  "key": undefined,
                  "nodeType": "host",
                  "props": Object {
                    "children": "Episode V",
                  },
                  "ref": null,
                  "rendered": "Episode V",
                  "type": "p",
                },
                Object {
                  "instance": null,
                  "key": undefined,
                  "nodeType": "host",
                  "props": Object {
                    "children": "A New Hope",
                  },
                  "ref": null,
                  "rendered": "A New Hope",
                  "type": "h1",
                },
              ],
              "type": "div",
            },
            Object {
              "instance": null,
              "key": undefined,
              "nodeType": "host",
              "props": Object {
                "children": "Luke is pretty cool",
                "className": "crawl-text",
              },
              "ref": null,
              "rendered": "Luke is pretty cool",
              "type": "p",
            },
          ],
          "type": "div",
        },
        "type": "article",
      },
    ],
    "type": "section",
  },
  Symbol(enzyme.__nodes__): Array [
    Object {
      "instance": null,
      "key": undefined,
      "nodeType": "host",
      "props": Object {
        "children": Array [
          <div
            className="fade"
          />,
          <article
            className="star-wars"
          >
            <div
              className="crawl"
            >
              <div
                className="title"
              >
                <p>
                  Episode V
                </p>
                <h1>
                  A New Hope
                </h1>
              </div>
              <p
                className="crawl-text"
              >
                Luke is pretty cool
              </p>
            </div>
          </article>,
        ],
        "className": "scrolling-text",
      },
      "ref": null,
      "rendered": Array [
        Object {
          "instance": null,
          "key": undefined,
          "nodeType": "host",
          "props": Object {
            "className": "fade",
          },
          "ref": null,
          "rendered": null,
          "type": "div",
        },
        Object {
          "instance": null,
          "key": undefined,
          "nodeType": "host",
          "props": Object {
            "children": <div
              className="crawl"
            >
              <div
                className="title"
              >
                <p>
                  Episode V
                </p>
                <h1>
                  A New Hope
                </h1>
              </div>
              <p
                className="crawl-text"
              >
                Luke is pretty cool
              </p>
            </div>,
            "className": "star-wars",
          },
          "ref": null,
          "rendered": Object {
            "instance": null,
            "key": undefined,
            "nodeType": "host",
            "props": Object {
              "children": Array [
                <div
                  className="title"
                >
                  <p>
                    Episode V
                  </p>
                  <h1>
                    A New Hope
                  </h1>
                </div>,
                <p
                  className="crawl-text"
                >
                  Luke is pretty cool
                </p>,
              ],
              "className": "crawl",
            },
            "ref": null,
            "rendered": Array [
              Object {
                "instance": null,
                "key": undefined,
                "nodeType": "host",
                "props": Object {
                  "children": Array [
                    <p>
                      Episode V
                    </p>,
                    <h1>
                      A New Hope
                    </h1>,
                  ],
                  "className": "title",
                },
                "ref": null,
                "rendered": Array [
                  Object {
                    "instance": null,
                    "key": undefined,
                    "nodeType": "host",
                    "props": Object {
                      "children": "Episode V",
                    },
                    "ref": null,
                    "rendered": "Episode V",
                    "type": "p",
                  },
                  Object {
                    "instance": null,
                    "key": undefined,
                    "nodeType": "host",
                    "props": Object {
                      "children": "A New Hope",
                    },
                    "ref": null,
                    "rendered": "A New Hope",
                    "type": "h1",
                  },
                ],
                "type": "div",
              },
              Object {
                "instance": null,
                "key": undefined,
                "nodeType": "host",
                "props": Object {
                  "children": "Luke is pretty cool",
                  "className": "crawl-text",
                },
                "ref": null,
                "rendered": "Luke is pretty cool",
                "type": "p",
              },
            ],
            "type": "div",
          },
          "type": "article",
        },
      ],
      "type": "section",
    },
  ],
  Symbol(enzyme.__options__): Object {
    "adapter": ReactSixteenAdapter {
      "options": Object {
        "enableComponentDidUpdateOnSetState": true,
        "lifecycles": Object {
          "componentDidUpdate": Object {
            "onSetState": true,
          },
          "getDerivedStateFromProps": true,
          "getSnapshotBeforeUpdate": true,
          "setState": Object {
            "skipsComponentDidUpdateOnNullish": true,
          },
        },
      },
    },
  },
}
`;

exports[`ScrollingText should match the snapshot if nothing is passed in 1`] = `
ShallowWrapper {
  Symbol(enzyme.__root__): [Circular],
  Symbol(enzyme.__unrendered__): <ScrollingText />,
  Symbol(enzyme.__renderer__): Object {
    "batchedUpdates": [Function],
    "getNode": [Function],
    "render": [Function],
    "simulateError": [Function],
    "simulateEvent": [Function],
    "unmount": [Function],
  },
  Symbol(enzyme.__node__): "",
  Symbol(enzyme.__nodes__): Array [
    "",
  ],
  Symbol(enzyme.__options__): Object {
    "adapter": ReactSixteenAdapter {
      "options": Object {
        "enableComponentDidUpdateOnSetState": true,
        "lifecycles": Object {
          "componentDidUpdate": Object {
            "onSetState": true,
          },
          "getDerivedStateFromProps": true,
          "getSnapshotBeforeUpdate": true,
          "setState": Object {
            "skipsComponentDidUpdateOnNullish": true,
          },
        },
      },
    },
  },
}
`;
